// Jest Snapshot v1, https://goo.gl/fbAQLP

exports[`CredentialsController updateCurrentUserCredentials should validate the request body with invalid data 1`] = `"Bad Request Exception"`;
